192.168.0.24 - - [08/Sep/2012:11:48:47 +0200] "GET /SiteWebIF/Intranet-etudiant.php HTTP/1.1" 302 477 "http://if.insa-lyon.fr/" "Mozilla/5.0 (Windows NT 6.1; WOW64) AppleWebKit/537.1 (KHTML, like Gecko) Chrome/21.0.1180.89 Safari/537.1"
192.168.0.24 - - [08/Sep/2012:11:48:53 +0200] "GET /SiteWebIF/Intranet-etudiant.php?ticket=ST-341866-kd9uCwjkxLkydUzKTbsD-dsi-vm03 HTTP/1.1" 302 - "-" "Mozilla/5.0 (Windows NT 6.1; WOW64) AppleWebKit/537.1 (KHTML, like Gecko) Chrome/21.0.1180.89 Safari/537.1"
192.168.0.24 - - [08/Sep/2012:11:48:54 +0200] "GET /SiteWebIF/Intranet-etudiant.php HTTP/1.1" 200 3821 "-" "Mozilla/5.0 (Windows NT 6.1; WOW64) AppleWebKit/537.1 (KHTML, like Gecko) Chrome/21.0.1180.89 Safari/537.1"
192.168.0.24 - - [08/Sep/2012:11:48:57 +0200] "GET /notesif HTTP/1.1" 301 248 "http://intranet-if.insa-lyon.fr/SiteWebIF/Intranet-etudiant.php" "Mozilla/5.0 (Windows NT 6.1; WOW64) AppleWebKit/537.1 (KHTML, like Gecko) Chrome/21.0.1180.89 Safari/537.1"
192.168.0.24 - - [08/Sep/2012:11:48:57 +0200] "GET /notesif/ HTTP/1.1" 302 - "http://intranet-if.insa-lyon.fr/SiteWebIF/Intranet-etudiant.php" "Mozilla/5.0 (Windows NT 6.1; WOW64) AppleWebKit/537.1 (KHTML, like Gecko) Chrome/21.0.1180.89 Safari/537.1"
192.168.0.25 - - [08/Sep/2012:11:49:26 +0200] "GET /temps/3IF1.ics HTTP/1.1" 304 - "-" "DataAccess/1.0 (8C148)"
192.168.0.26 - - [08/Sep/2012:11:50:02 +0200] "GET /temps/ HTTP/1.1" 200 6835 "http://www.google.fr/url?sa=t&rct=j&q=emplois%20du%20temsp%20insa&source=web&cd=1&ved=0CCkQFjAA&url=http%3A%2F%2Fintranet-if.insa-lyon.fr%2Ftemps%2F&ei=xBRLUPSZFs61hAepl4CoCg&usg=AFQjCNEWrHsRdIlhli_31qYl94w-yMCjpw" "Mozilla/5.0 (Windows NT 6.0) AppleWebKit/537.1 (KHTML, like Gecko) Chrome/21.0.1180.89 Safari/537.1"
192.168.0.26 - - [08/Sep/2012:11:50:03 +0200] "GET /temps/style_emploi_du_temps.css HTTP/1.1" 200 1216 "http://intranet-if.insa-lyon.fr/temps/" "Mozilla/5.0 (Windows NT 6.0) AppleWebKit/537.1 (KHTML, like Gecko) Chrome/21.0.1180.89 Safari/537.1"
192.168.0.26 - - [08/Sep/2012:11:50:03 +0200] "GET /temps/FondInsa.jpg HTTP/1.1" 200 2828 "http://intranet-if.insa-lyon.fr/temps/" "Mozilla/5.0 (Windows NT 6.0) AppleWebKit/537.1 (KHTML, like Gecko) Chrome/21.0.1180.89 Safari/537.1"
192.168.0.26 - - [08/Sep/2012:11:50:03 +0200] "GET /temps/InsaIF.ico HTTP/1.1" 200 766 "-" "Mozilla/5.0 (Windows NT 6.0) AppleWebKit/537.1 (KHTML, like Gecko) Chrome/21.0.1180.89 Safari/537.1"
192.168.0.27 - - [08/Sep/2012:11:50:17 +0200] "GET /SiteWebIF/Intranet-etudiant.php HTTP/1.1" 302 477 "-" "Mozilla/5.0 (Windows NT 6.1; WOW64; rv:14.0) Gecko/20100101 Firefox/14.0.1"
192.168.0.27 - - [08/Sep/2012:11:50:36 +0200] "GET /SiteWebIF/Intranet-etudiant.php?ticket=ST-19118-EabntXV7HXc1iIbI5sou-dsi-vm04 HTTP/1.1" 302 - "-" "Mozilla/5.0 (Windows NT 6.1; WOW64; rv:14.0) Gecko/20100101 Firefox/14.0.1"
192.168.0.27 - - [08/Sep/2012:11:50:36 +0200] "GET /SiteWebIF/Intranet-etudiant.php HTTP/1.1" 200 3813 "-" "Mozilla/5.0 (Windows NT 6.1; WOW64; rv:14.0) Gecko/20100101 Firefox/14.0.1"
192.168.0.27 - - [08/Sep/2012:11:50:37 +0200] "GET /stages/style_pfe.css HTTP/1.1" 200 895 "http://intranet-if.insa-lyon.fr/SiteWebIF/Intranet-etudiant.php" "Mozilla/5.0 (Windows NT 6.1; WOW64; rv:14.0) Gecko/20100101 Firefox/14.0.1"
192.168.0.27 - - [08/Sep/2012:11:50:37 +0200] "GET /stages/InsaIF.ico HTTP/1.1" 200 766 "-" "Mozilla/5.0 (Windows NT 6.1; WOW64; rv:14.0) Gecko/20100101 Firefox/14.0.1"
192.168.0.27 - - [08/Sep/2012:11:50:37 +0200] "GET /stages/FondInsa.jpg HTTP/1.1" 200 2828 "http://intranet-if.insa-lyon.fr/stages/style_pfe.css" "Mozilla/5.0 (Windows NT 6.1; WOW64; rv:14.0) Gecko/20100101 Firefox/14.0.1"
192.168.0.27 - - [08/Sep/2012:11:50:37 +0200] "GET /stages/bandeauFinal.jpg HTTP/1.1" 200 50390 "http://intranet-if.insa-lyon.fr/SiteWebIF/Intranet-etudiant.php" "Mozilla/5.0 (Windows NT 6.1; WOW64; rv:14.0) Gecko/20100101 Firefox/14.0.1"
192.168.0.27 - - [08/Sep/2012:11:50:39 +0200] "GET /notesif HTTP/1.1" 301 248 "http://intranet-if.insa-lyon.fr/SiteWebIF/Intranet-etudiant.php" "Mozilla/5.0 (Windows NT 6.1; WOW64; rv:14.0) Gecko/20100101 Firefox/14.0.1"
192.168.0.27 - - [08/Sep/2012:11:50:39 +0200] "GET /notesif/ HTTP/1.1" 302 - "http://intranet-if.insa-lyon.fr/SiteWebIF/Intranet-etudiant.php" "Mozilla/5.0 (Windows NT 6.1; WOW64; rv:14.0) Gecko/20100101 Firefox/14.0.1"
192.168.0.9 - - [08/Sep/2012:11:55:02 +0200] "GET /temps/4IF3.ics HTTP/1.1" 304 - "-" "Mozilla/5.0 (Windows NT 6.1; rv:15.0) Gecko/20120824 Thunderbird/15.0 Lightning/1.7"
192.168.0.11 - - [08/Sep/2012:12:01:18 +0200] "GET /notesif HTTP/1.1" 301 248 "-" "Tiny Tiny RSS/1.5.11 (http://tt-rss.org/)"
192.168.0.11 - - [08/Sep/2012:12:01:18 +0200] "GET /notesif/ HTTP/1.1" 302 - "-" "Tiny Tiny RSS/1.5.11 (http://tt-rss.org/)"
192.168.0.11 - - [08/Sep/2012:12:01:19 +0200] "GET /cas/themes/insa/media/favicon.ico;jsessionid=ECC02D7B807C9B1B2299BA9E325800BC.dsi-vm03 HTTP/1.1" 404 284 "-" "Tiny Tiny RSS/1.5.11 (http://tt-rss.org/)"
192.168.0.28 - - [08/Sep/2012:12:01:23 +0200] "GET /temps/4IF4.ics HTTP/1.1" 200 78500 "-" "DataAccess/1.0 (8J2)"
192.168.0.29 - - [08/Sep/2012:12:04:25 +0200] "GET /temps/3IF1.ics HTTP/1.1" 304 - "-" "DataAccess/1.0 (8C148)"
192.168.0.27 - - [08/Sep/2012:12:15:24 +0200] "GET /SiteWebIF/Intranet-etudiant.php HTTP/1.1" 302 477 "-" "Mozilla/5.0 (Windows NT 6.1; WOW64; rv:14.0) Gecko/20100101 Firefox/14.0.1"
192.168.0.27 - - [08/Sep/2012:12:17:21 +0200] "GET /SiteWebIF/Intranet-etudiant.php HTTP/1.1" 302 477 "-" "Mozilla/5.0 (Windows NT 6.1; WOW64; rv:14.0) Gecko/20100101 Firefox/14.0.1"
192.168.0.11 - - [08/Sep/2012:12:17:42 +0200] "GET /notesif HTTP/1.1" 301 248 "-" "Tiny Tiny RSS/1.5.11 (http://tt-rss.org/)"
192.168.0.11 - - [08/Sep/2012:12:17:42 +0200] "GET /notesif/ HTTP/1.1" 302 - "-" "Tiny Tiny RSS/1.5.11 (http://tt-rss.org/)"
192.168.0.11 - - [08/Sep/2012:12:17:43 +0200] "GET /cas/themes/insa/media/favicon.ico;jsessionid=1108212834EA61DD4CCDF371CE0DDF31.dsi-vm04 HTTP/1.1" 404 284 "-" "Tiny Tiny RSS/1.5.11 (http://tt-rss.org/)"
192.168.0.30 - - [08/Sep/2012:12:19:26 +0200] "GET /temps/3IF1.ics HTTP/1.1" 304 - "-" "DataAccess/1.0 (8C148)"
192.168.0.31 - - [08/Sep/2012:12:21:06 +0200] "GET /SiteWebIF/Intranet-etudiant.php HTTP/1.1" 302 477 "http://if.insa-lyon.fr/" "Mozilla/5.0 (Windows NT 6.1; WOW64; rv:15.0) Gecko/20100101 Firefox/15.0"
192.168.0.31 - - [08/Sep/2012:12:21:55 +0200] "GET /SiteWebIF/Intranet-etudiant.php?ticket=ST-19308-v7fPgl3hcmHt4NRvX7n5-dsi-vm04 HTTP/1.1" 302 - "-" "Mozilla/5.0 (Windows NT 6.1; WOW64; rv:15.0) Gecko/20100101 Firefox/15.0"
192.168.0.31 - - [08/Sep/2012:12:21:55 +0200] "GET /SiteWebIF/Intranet-etudiant.php HTTP/1.1" 200 3806 "-" "Mozilla/5.0 (Windows NT 6.1; WOW64; rv:15.0) Gecko/20100101 Firefox/15.0"
192.168.0.31 - - [08/Sep/2012:12:22:06 +0200] "GET /temps/3IF38.html HTTP/1.1" 304 - "http://intranet-if.insa-lyon.fr/temps/3IF37.html" "Mozilla/5.0 (Windows NT 6.1; WOW64; rv:15.0) Gecko/20100101 Firefox/15.0"
192.168.0.31 - - [08/Sep/2012:12:22:07 +0200] "GET /temps/3IF39.html HTTP/1.1" 304 - "http://intranet-if.insa-lyon.fr/temps/3IF38.html" "Mozilla/5.0 (Windows NT 6.1; WOW64; rv:15.0) Gecko/20100101 Firefox/15.0"
192.168.0.31 - - [08/Sep/2012:12:22:10 +0200] "GET /temps/3IF40.html HTTP/1.1" 304 - "http://intranet-if.insa-lyon.fr/temps/3IF39.html" "Mozilla/5.0 (Windows NT 6.1; WOW64; rv:15.0) Gecko/20100101 Firefox/15.0"
192.168.0.31 - - [08/Sep/2012:12:22:19 +0200] "GET /stages/Listestage.php HTTP/1.1" 200 74698 "http://intranet-if.insa-lyon.fr/SiteWebIF/Intranet-etudiant.php" "Mozilla/5.0 (Windows NT 6.1; WOW64; rv:15.0) Gecko/20100101 Firefox/15.0"
192.168.0.31 - - [08/Sep/2012:12:22:43 +0200] "GET /stages/descriptif/MEDIAL.pdf HTTP/1.1" 200 136990 "http://intranet-if.insa-lyon.fr/stages/Listestage.php" "Mozilla/5.0 (Windows NT 6.1; WOW64; rv:15.0) Gecko/20100101 Firefox/15.0"
192.168.0.32 - - [08/Sep/2012:12:23:34 +0200] "GET /temps/4IF1.ics HTTP/1.1" 200 78480 "-" "Mozilla/4.0 (compatible; MSIE 7.0; Windows NT 6.0)"